<html>
<body>
<pre>
<h1>µVision Build Log</h1>
<h2>Project:</h2>
C:\karthick\lpc2148\PWM 2\NEW\NEW.uvproj
Project File Date:  11/18/2023

<h2>Output:</h2>
Build target 'Target 1'
assembling Startup.s...
compiling NEW.c...
NEW.c(65): warning:  #1-D: last line of file ends without a newline
linking...
Program Size: Code=828 RO-data=16 RW-data=0 ZI-data=1256  
FromELF: creating hex file...
"NEW.axf" - 0 Error(s), 1 Warning(s).
Build target 'Target 1'
assembling Startup.s...
compiling NEW.c...
NEW.c(65): warning:  #1-D: last line of file ends without a newline
linking...
Program Size: Code=828 RO-data=16 RW-data=0 ZI-data=1256  
FromELF: creating hex file...
"NEW.axf" - 0 Error(s), 1 Warning(s).
